Archive member included to satisfy reference by file (symbol)

c:/tools/avr/avr8-gnu-toolchain/bin/../lib/gcc/avr/7.3.0/avr5\libgcc.a(_udivmodqi4.o)
                              obj/uart.o (__udivmodqi4)
c:/tools/avr/avr8-gnu-toolchain/bin/../lib/gcc/avr/7.3.0/avr5\libgcc.a(_udivmodsi4.o)
                              obj/twi_hal.o (__udivmodsi4)
c:/tools/avr/avr8-gnu-toolchain/bin/../lib/gcc/avr/7.3.0/avr5\libgcc.a(_exit.o)
                              c:/tools/avr/avr8-gnu-toolchain/bin/../lib/gcc/avr/7.3.0/../../../../avr/lib/avr5/crtatmega328p.o (exit)
c:/tools/avr/avr8-gnu-toolchain/bin/../lib/gcc/avr/7.3.0/avr5\libgcc.a(_copy_data.o)
                              obj/main.o (__do_copy_data)
c:/tools/avr/avr8-gnu-toolchain/bin/../lib/gcc/avr/7.3.0/avr5\libgcc.a(_clear_bss.o)
                              obj/main.o (__do_clear_bss)
c:/tools/avr/avr8-gnu-toolchain/bin/../lib/gcc/avr/7.3.0/../../../../avr/lib/avr5\libc.a(itoa_ncheck.o)
                              obj/main.o (__itoa_ncheck)
c:/tools/avr/avr8-gnu-toolchain/bin/../lib/gcc/avr/7.3.0/../../../../avr/lib/avr5\libc.a(utoa_ncheck.o)
                              c:/tools/avr/avr8-gnu-toolchain/bin/../lib/gcc/avr/7.3.0/../../../../avr/lib/avr5\libc.a(itoa_ncheck.o) (__utoa_common)
c:/tools/avr/avr8-gnu-toolchain/bin/../lib/gcc/avr/7.3.0/../../../../avr/lib/avr5\libc.a(sprintf.o)
                              obj/main.o (sprintf)
c:/tools/avr/avr8-gnu-toolchain/bin/../lib/gcc/avr/7.3.0/../../../../avr/lib/avr5\libc.a(vfprintf_std.o)
                              c:/tools/avr/avr8-gnu-toolchain/bin/../lib/gcc/avr/7.3.0/../../../../avr/lib/avr5\libc.a(sprintf.o) (vfprintf)
c:/tools/avr/avr8-gnu-toolchain/bin/../lib/gcc/avr/7.3.0/../../../../avr/lib/avr5\libc.a(strnlen_P.o)
                              c:/tools/avr/avr8-gnu-toolchain/bin/../lib/gcc/avr/7.3.0/../../../../avr/lib/avr5\libc.a(vfprintf_std.o) (strnlen_P)
c:/tools/avr/avr8-gnu-toolchain/bin/../lib/gcc/avr/7.3.0/../../../../avr/lib/avr5\libc.a(strnlen.o)
                              c:/tools/avr/avr8-gnu-toolchain/bin/../lib/gcc/avr/7.3.0/../../../../avr/lib/avr5\libc.a(vfprintf_std.o) (strnlen)
c:/tools/avr/avr8-gnu-toolchain/bin/../lib/gcc/avr/7.3.0/../../../../avr/lib/avr5\libc.a(strrev.o)
                              c:/tools/avr/avr8-gnu-toolchain/bin/../lib/gcc/avr/7.3.0/../../../../avr/lib/avr5\libc.a(utoa_ncheck.o) (strrev)
c:/tools/avr/avr8-gnu-toolchain/bin/../lib/gcc/avr/7.3.0/../../../../avr/lib/avr5\libc.a(fputc.o)
                              c:/tools/avr/avr8-gnu-toolchain/bin/../lib/gcc/avr/7.3.0/../../../../avr/lib/avr5\libc.a(vfprintf_std.o) (fputc)
c:/tools/avr/avr8-gnu-toolchain/bin/../lib/gcc/avr/7.3.0/../../../../avr/lib/avr5\libc.a(ultoa_invert.o)
                              c:/tools/avr/avr8-gnu-toolchain/bin/../lib/gcc/avr/7.3.0/../../../../avr/lib/avr5\libc.a(vfprintf_std.o) (__ultoa_invert)
c:/tools/avr/avr8-gnu-toolchain/bin/../lib/gcc/avr/7.3.0/avr5\libgcc.a(_prologue.o)
                              c:/tools/avr/avr8-gnu-toolchain/bin/../lib/gcc/avr/7.3.0/../../../../avr/lib/avr5\libc.a(sprintf.o) (__prologue_saves__)
c:/tools/avr/avr8-gnu-toolchain/bin/../lib/gcc/avr/7.3.0/avr5\libgcc.a(_epilogue.o)
                              c:/tools/avr/avr8-gnu-toolchain/bin/../lib/gcc/avr/7.3.0/../../../../avr/lib/avr5\libc.a(sprintf.o) (__epilogue_restores__)

Allocating common symbols
Common symbol       size              file

adc_val             0x2               obj/main.o
buff                0x2               obj/main.o
print_buffer        0x18              obj/main.o
i                   0x1               obj/main.o
c0_val              0x2               obj/main.o
count               0x1               obj/main.o
error               0x1               obj/main.o

Discarded input sections

 .data          0x0000000000000000        0x0 c:/tools/avr/avr8-gnu-toolchain/bin/../lib/gcc/avr/7.3.0/../../../../avr/lib/avr5/crtatmega328p.o
 .bss           0x0000000000000000        0x0 c:/tools/avr/avr8-gnu-toolchain/bin/../lib/gcc/avr/7.3.0/../../../../avr/lib/avr5/crtatmega328p.o
 .text          0x0000000000000000        0x0 obj/adc.o
 .data          0x0000000000000000        0x0 obj/adc.o
 .bss           0x0000000000000000        0x0 obj/adc.o
 .text.adc_init
                0x0000000000000000       0x64 obj/adc.o
 .text.adc_read
                0x0000000000000000       0x38 obj/adc.o
 .debug_info    0x0000000000000000      0x2a9 obj/adc.o
 .debug_abbrev  0x0000000000000000      0x12c obj/adc.o
 .debug_loc     0x0000000000000000       0xa8 obj/adc.o
 .debug_aranges
                0x0000000000000000       0x28 obj/adc.o
 .debug_ranges  0x0000000000000000       0x18 obj/adc.o
 .debug_line    0x0000000000000000      0x136 obj/adc.o
 .debug_str     0x0000000000000000      0x30b obj/adc.o
 .comment       0x0000000000000000       0x31 obj/adc.o
 .debug_frame   0x0000000000000000       0x34 obj/adc.o
 .text          0x0000000000000000        0x0 obj/gpio.o
 .data          0x0000000000000000        0x0 obj/gpio.o
 .bss           0x0000000000000000        0x0 obj/gpio.o
 .text.gpio_port_read
                0x0000000000000000       0x3c obj/gpio.o
 .text          0x0000000000000000        0x0 obj/main.o
 .data          0x0000000000000000        0x0 obj/main.o
 .bss           0x0000000000000000        0x0 obj/main.o
 .text          0x0000000000000000        0x0 obj/tmr1.o
 .data          0x0000000000000000        0x0 obj/tmr1.o
 .bss           0x0000000000000000        0x0 obj/tmr1.o
 .debug_line    0x0000000000000000        0x0 obj/tmr1.o
 .debug_str     0x0000000000000000       0xf9 obj/tmr1.o
 .comment       0x0000000000000000       0x31 obj/tmr1.o
 .text          0x0000000000000000        0x0 obj/twi_hal.o
 .data          0x0000000000000000        0x0 obj/twi_hal.o
 .bss           0x0000000000000000        0x0 obj/twi_hal.o
 .text          0x0000000000000000        0x0 obj/uart.o
 .data          0x0000000000000000        0x0 obj/uart.o
 .bss           0x0000000000000000        0x0 obj/uart.o
 .text.uart_read_byte
                0x0000000000000000        0x4 obj/uart.o
 .text.uart_read_string
                0x0000000000000000        0x2 obj/uart.o
 .text          0x0000000000000000        0x0 c:/tools/avr/avr8-gnu-toolchain/bin/../lib/gcc/avr/7.3.0/avr5\libgcc.a(_udivmodqi4.o)
 .data          0x0000000000000000        0x0 c:/tools/avr/avr8-gnu-toolchain/bin/../lib/gcc/avr/7.3.0/avr5\libgcc.a(_udivmodqi4.o)
 .bss           0x0000000000000000        0x0 c:/tools/avr/avr8-gnu-toolchain/bin/../lib/gcc/avr/7.3.0/avr5\libgcc.a(_udivmodqi4.o)
 .text.libgcc.mul
                0x0000000000000000        0x0 c:/tools/avr/avr8-gnu-toolchain/bin/../lib/gcc/avr/7.3.0/avr5\libgcc.a(_udivmodqi4.o)
 .text.libgcc   0x0000000000000000        0x0 c:/tools/avr/avr8-gnu-toolchain/bin/../lib/gcc/avr/7.3.0/avr5\libgcc.a(_udivmodqi4.o)
 .text.libgcc.prologue
                0x0000000000000000        0x0 c:/tools/avr/avr8-gnu-toolchain/bin/../lib/gcc/avr/7.3.0/avr5\libgcc.a(_udivmodqi4.o)
 .text.libgcc.builtins
                0x0000000000000000        0x0 c:/tools/avr/avr8-gnu-toolchain/bin/../lib/gcc/avr/7.3.0/avr5\libgcc.a(_udivmodqi4.o)
 .text.libgcc.fmul
                0x0000000000000000        0x0 c:/tools/avr/avr8-gnu-toolchain/bin/../lib/gcc/avr/7.3.0/avr5\libgcc.a(_udivmodqi4.o)
 .text.libgcc.fixed
                0x0000000000000000        0x0 c:/tools/avr/avr8-gnu-toolchain/bin/../lib/gcc/avr/7.3.0/avr5\libgcc.a(_udivmodqi4.o)
 .text          0x0000000000000000        0x0 c:/tools/avr/avr8-gnu-toolchain/bin/../lib/gcc/avr/7.3.0/avr5\libgcc.a(_udivmodsi4.o)
 .data          0x0000000000000000        0x0 c:/tools/avr/avr8-gnu-toolchain/bin/../lib/gcc/avr/7.3.0/avr5\libgcc.a(_udivmodsi4.o)
 .bss           0x0000000000000000        0x0 c:/tools/avr/avr8-gnu-toolchain/bin/../lib/gcc/avr/7.3.0/avr5\libgcc.a(_udivmodsi4.o)
 .text.libgcc.mul
                0x0000000000000000        0x0 c:/tools/avr/avr8-gnu-toolchain/bin/../lib/gcc/avr/7.3.0/avr5\libgcc.a(_udivmodsi4.o)
 .text.libgcc   0x0000000000000000        0x0 c:/tools/avr/avr8-gnu-toolchain/bin/../lib/gcc/avr/7.3.0/avr5\libgcc.a(_udivmodsi4.o)
 .text.libgcc.prologue
                0x0000000000000000        0x0 c:/tools/avr/avr8-gnu-toolchain/bin/../lib/gcc/avr/7.3.0/avr5\libgcc.a(_udivmodsi4.o)
 .text.libgcc.builtins
                0x0000000000000000        0x0 c:/tools/avr/avr8-gnu-toolchain/bin/../lib/gcc/avr/7.3.0/avr5\libgcc.a(_udivmodsi4.o)
 .text.libgcc.fmul
                0x0000000000000000        0x0 c:/tools/avr/avr8-gnu-toolchain/bin/../lib/gcc/avr/7.3.0/avr5\libgcc.a(_udivmodsi4.o)
 .text.libgcc.fixed
                0x0000000000000000        0x0 c:/tools/avr/avr8-gnu-toolchain/bin/../lib/gcc/avr/7.3.0/avr5\libgcc.a(_udivmodsi4.o)
 .text          0x0000000000000000        0x0 c:/tools/avr/avr8-gnu-toolchain/bin/../lib/gcc/avr/7.3.0/avr5\libgcc.a(_exit.o)
 .data          0x0000000000000000        0x0 c:/tools/avr/avr8-gnu-toolchain/bin/../lib/gcc/avr/7.3.0/avr5\libgcc.a(_exit.o)
 .bss           0x0000000000000000        0x0 c:/tools/avr/avr8-gnu-toolchain/bin/../lib/gcc/avr/7.3.0/avr5\libgcc.a(_exit.o)
 .text.libgcc.mul
                0x0000000000000000        0x0 c:/tools/avr/avr8-gnu-toolchain/bin/../lib/gcc/avr/7.3.0/avr5\libgcc.a(_exit.o)
 .text.libgcc.div
                0x0000000000000000        0x0 c:/tools/avr/avr8-gnu-toolchain/bin/../lib/gcc/avr/7.3.0/avr5\libgcc.a(_exit.o)
 .text.libgcc   0x0000000000000000        0x0 c:/tools/avr/avr8-gnu-toolchain/bin/../lib/gcc/avr/7.3.0/avr5\libgcc.a(_exit.o)
 .text.libgcc.prologue
                0x0000000000000000        0x0 c:/tools/avr/avr8-gnu-toolchain/bin/../lib/gcc/avr/7.3.0/avr5\libgcc.a(_exit.o)
 .text.libgcc.builtins
                0x0000000000000000        0x0 c:/tools/avr/avr8-gnu-toolchain/bin/../lib/gcc/avr/7.3.0/avr5\libgcc.a(_exit.o)
 .text.libgcc.fmul
                0x0000000000000000        0x0 c:/tools/avr/avr8-gnu-toolchain/bin/../lib/gcc/avr/7.3.0/avr5\libgcc.a(_exit.o)
 .text.libgcc.fixed
                0x0000000000000000        0x0 c:/tools/avr/avr8-gnu-toolchain/bin/../lib/gcc/avr/7.3.0/avr5\libgcc.a(_exit.o)
 .text          0x0000000000000000        0x0 c:/tools/avr/avr8-gnu-toolchain/bin/../lib/gcc/avr/7.3.0/avr5\libgcc.a(_copy_data.o)
 .data          0x0000000000000000        0x0 c:/tools/avr/avr8-gnu-toolchain/bin/../lib/gcc/avr/7.3.0/avr5\libgcc.a(_copy_data.o)
 .bss           0x0000000000000000        0x0 c:/tools/avr/avr8-gnu-toolchain/bin/../lib/gcc/avr/7.3.0/avr5\libgcc.a(_copy_data.o)
 .text.libgcc.mul
                0x0000000000000000        0x0 c:/tools/avr/avr8-gnu-toolchain/bin/../lib/gcc/avr/7.3.0/avr5\libgcc.a(_copy_data.o)
 .text.libgcc.div
                0x0000000000000000        0x0 c:/tools/avr/avr8-gnu-toolchain/bin/../lib/gcc/avr/7.3.0/avr5\libgcc.a(_copy_data.o)
 .text.libgcc   0x0000000000000000        0x0 c:/tools/avr/avr8-gnu-toolchain/bin/../lib/gcc/avr/7.3.0/avr5\libgcc.a(_copy_data.o)
 .text.libgcc.prologue
                0x0000000000000000        0x0 c:/tools/avr/avr8-gnu-toolchain/bin/../lib/gcc/avr/7.3.0/avr5\libgcc.a(_copy_data.o)
 .text.libgcc.builtins
                0x0000000000000000        0x0 c:/tools/avr/avr8-gnu-toolchain/bin/../lib/gcc/avr/7.3.0/avr5\libgcc.a(_copy_data.o)
 .text.libgcc.fmul
                0x0000000000000000        0x0 c:/tools/avr/avr8-gnu-toolchain/bin/../lib/gcc/avr/7.3.0/avr5\libgcc.a(_copy_data.o)
 .text.libgcc.fixed
                0x0000000000000000        0x0 c:/tools/avr/avr8-gnu-toolchain/bin/../lib/gcc/avr/7.3.0/avr5\libgcc.a(_copy_data.o)
 .text          0x0000000000000000        0x0 c:/tools/avr/avr8-gnu-toolchain/bin/../lib/gcc/avr/7.3.0/avr5\libgcc.a(_clear_bss.o)
 .data          0x0000000000000000        0x0 c:/tools/avr/avr8-gnu-toolchain/bin/../lib/gcc/avr/7.3.0/avr5\libgcc.a(_clear_bss.o)
 .bss           0x0000000000000000        0x0 c:/tools/avr/avr8-gnu-toolchain/bin/../lib/gcc/avr/7.3.0/avr5\libgcc.a(_clear_bss.o)
 .text.libgcc.mul
                0x0000000000000000        0x0 c:/tools/avr/avr8-gnu-toolchain/bin/../lib/gcc/avr/7.3.0/avr5\libgcc.a(_clear_bss.o)
 .text.libgcc.div
                0x0000000000000000        0x0 c:/tools/avr/avr8-gnu-toolchain/bin/../lib/gcc/avr/7.3.0/avr5\libgcc.a(_clear_bss.o)
 .text.libgcc   0x0000000000000000        0x0 c:/tools/avr/avr8-gnu-toolchain/bin/../lib/gcc/avr/7.3.0/avr5\libgcc.a(_clear_bss.o)
 .text.libgcc.prologue
                0x0000000000000000        0x0 c:/tools/avr/avr8-gnu-toolchain/bin/../lib/gcc/avr/7.3.0/avr5\libgcc.a(_clear_bss.o)
 .text.libgcc.builtins
                0x0000000000000000        0x0 c:/tools/avr/avr8-gnu-toolchain/bin/../lib/gcc/avr/7.3.0/avr5\libgcc.a(_clear_bss.o)
 .text.libgcc.fmul
                0x0000000000000000        0x0 c:/tools/avr/avr8-gnu-toolchain/bin/../lib/gcc/avr/7.3.0/avr5\libgcc.a(_clear_bss.o)
 .text.libgcc.fixed
                0x0000000000000000        0x0 c:/tools/avr/avr8-gnu-toolchain/bin/../lib/gcc/avr/7.3.0/avr5\libgcc.a(_clear_bss.o)
 .text          0x0000000000000000        0x0 c:/tools/avr/avr8-gnu-toolchain/bin/../lib/gcc/avr/7.3.0/../../../../avr/lib/avr5\libc.a(itoa_ncheck.o)
 .data          0x0000000000000000        0x0 c:/tools/avr/avr8-gnu-toolchain/bin/../lib/gcc/avr/7.3.0/../../../../avr/lib/avr5\libc.a(itoa_ncheck.o)
 .bss           0x0000000000000000        0x0 c:/tools/avr/avr8-gnu-toolchain/bin/../lib/gcc/avr/7.3.0/../../../../avr/lib/avr5\libc.a(itoa_ncheck.o)
 .text          0x0000000000000000        0x0 c:/tools/avr/avr8-gnu-toolchain/bin/../lib/gcc/avr/7.3.0/../../../../avr/lib/avr5\libc.a(utoa_ncheck.o)
 .data          0x0000000000000000        0x0 c:/tools/avr/avr8-gnu-toolchain/bin/../lib/gcc/avr/7.3.0/../../../../avr/lib/avr5\libc.a(utoa_ncheck.o)
 .bss           0x0000000000000000        0x0 c:/tools/avr/avr8-gnu-toolchain/bin/../lib/gcc/avr/7.3.0/../../../../avr/lib/avr5\libc.a(utoa_ncheck.o)
 .text          0x0000000000000000        0x0 c:/tools/avr/avr8-gnu-toolchain/bin/../lib/gcc/avr/7.3.0/../../../../avr/lib/avr5\libc.a(sprintf.o)
 .data          0x0000000000000000        0x0 c:/tools/avr/avr8-gnu-toolchain/bin/../lib/gcc/avr/7.3.0/../../../../avr/lib/avr5\libc.a(sprintf.o)
 .bss           0x0000000000000000        0x0 c:/tools/avr/avr8-gnu-toolchain/bin/../lib/gcc/avr/7.3.0/../../../../avr/lib/avr5\libc.a(sprintf.o)
 .text          0x0000000000000000        0x0 c:/tools/avr/avr8-gnu-toolchain/bin/../lib/gcc/avr/7.3.0/../../../../avr/lib/avr5\libc.a(vfprintf_std.o)
 .data          0x0000000000000000        0x0 c:/tools/avr/avr8-gnu-toolchain/bin/../lib/gcc/avr/7.3.0/../../../../avr/lib/avr5\libc.a(vfprintf_std.o)
 .bss           0x0000000000000000        0x0 c:/tools/avr/avr8-gnu-toolchain/bin/../lib/gcc/avr/7.3.0/../../../../avr/lib/avr5\libc.a(vfprintf_std.o)
 .text          0x0000000000000000        0x0 c:/tools/avr/avr8-gnu-toolchain/bin/../lib/gcc/avr/7.3.0/../../../../avr/lib/avr5\libc.a(strnlen_P.o)
 .data          0x0000000000000000        0x0 c:/tools/avr/avr8-gnu-toolchain/bin/../lib/gcc/avr/7.3.0/../../../../avr/lib/avr5\libc.a(strnlen_P.o)
 .bss           0x0000000000000000        0x0 c:/tools/avr/avr8-gnu-toolchain/bin/../lib/gcc/avr/7.3.0/../../../../avr/lib/avr5\libc.a(strnlen_P.o)
 .text          0x0000000000000000        0x0 c:/tools/avr/avr8-gnu-toolchain/bin/../lib/gcc/avr/7.3.0/../../../../avr/lib/avr5\libc.a(strnlen.o)
 .data          0x0000000000000000        0x0 c:/tools/avr/avr8-gnu-toolchain/bin/../lib/gcc/avr/7.3.0/../../../../avr/lib/avr5\libc.a(strnlen.o)
 .bss           0x0000000000000000        0x0 c:/tools/avr/avr8-gnu-toolchain/bin/../lib/gcc/avr/7.3.0/../../../../avr/lib/avr5\libc.a(strnlen.o)
 .text          0x0000000000000000        0x0 c:/tools/avr/avr8-gnu-toolchain/bin/../lib/gcc/avr/7.3.0/../../../../avr/lib/avr5\libc.a(strrev.o)
 .data          0x0000000000000000        0x0 c:/tools/avr/avr8-gnu-toolchain/bin/../lib/gcc/avr/7.3.0/../../../../avr/lib/avr5\libc.a(strrev.o)
 .bss           0x0000000000000000        0x0 c:/tools/avr/avr8-gnu-toolchain/bin/../lib/gcc/avr/7.3.0/../../../../avr/lib/avr5\libc.a(strrev.o)
 .text          0x0000000000000000        0x0 c:/tools/avr/avr8-gnu-toolchain/bin/../lib/gcc/avr/7.3.0/../../../../avr/lib/avr5\libc.a(fputc.o)
 .data          0x0000000000000000        0x0 c:/tools/avr/avr8-gnu-toolchain/bin/../lib/gcc/avr/7.3.0/../../../../avr/lib/avr5\libc.a(fputc.o)
 .bss           0x0000000000000000        0x0 c:/tools/avr/avr8-gnu-toolchain/bin/../lib/gcc/avr/7.3.0/../../../../avr/lib/avr5\libc.a(fputc.o)
 .text          0x0000000000000000        0x0 c:/tools/avr/avr8-gnu-toolchain/bin/../lib/gcc/avr/7.3.0/../../../../avr/lib/avr5\libc.a(ultoa_invert.o)
 .data          0x0000000000000000        0x0 c:/tools/avr/avr8-gnu-toolchain/bin/../lib/gcc/avr/7.3.0/../../../../avr/lib/avr5\libc.a(ultoa_invert.o)
 .bss           0x0000000000000000        0x0 c:/tools/avr/avr8-gnu-toolchain/bin/../lib/gcc/avr/7.3.0/../../../../avr/lib/avr5\libc.a(ultoa_invert.o)
 .text          0x0000000000000000        0x0 c:/tools/avr/avr8-gnu-toolchain/bin/../lib/gcc/avr/7.3.0/avr5\libgcc.a(_prologue.o)
 .data          0x0000000000000000        0x0 c:/tools/avr/avr8-gnu-toolchain/bin/../lib/gcc/avr/7.3.0/avr5\libgcc.a(_prologue.o)
 .bss           0x0000000000000000        0x0 c:/tools/avr/avr8-gnu-toolchain/bin/../lib/gcc/avr/7.3.0/avr5\libgcc.a(_prologue.o)
 .text.libgcc.mul
                0x0000000000000000        0x0 c:/tools/avr/avr8-gnu-toolchain/bin/../lib/gcc/avr/7.3.0/avr5\libgcc.a(_prologue.o)
 .text.libgcc.div
                0x0000000000000000        0x0 c:/tools/avr/avr8-gnu-toolchain/bin/../lib/gcc/avr/7.3.0/avr5\libgcc.a(_prologue.o)
 .text.libgcc   0x0000000000000000        0x0 c:/tools/avr/avr8-gnu-toolchain/bin/../lib/gcc/avr/7.3.0/avr5\libgcc.a(_prologue.o)
 .text.libgcc.builtins
                0x0000000000000000        0x0 c:/tools/avr/avr8-gnu-toolchain/bin/../lib/gcc/avr/7.3.0/avr5\libgcc.a(_prologue.o)
 .text.libgcc.fmul
                0x0000000000000000        0x0 c:/tools/avr/avr8-gnu-toolchain/bin/../lib/gcc/avr/7.3.0/avr5\libgcc.a(_prologue.o)
 .text.libgcc.fixed
                0x0000000000000000        0x0 c:/tools/avr/avr8-gnu-toolchain/bin/../lib/gcc/avr/7.3.0/avr5\libgcc.a(_prologue.o)
 .text          0x0000000000000000        0x0 c:/tools/avr/avr8-gnu-toolchain/bin/../lib/gcc/avr/7.3.0/avr5\libgcc.a(_epilogue.o)
 .data          0x0000000000000000        0x0 c:/tools/avr/avr8-gnu-toolchain/bin/../lib/gcc/avr/7.3.0/avr5\libgcc.a(_epilogue.o)
 .bss           0x0000000000000000        0x0 c:/tools/avr/avr8-gnu-toolchain/bin/../lib/gcc/avr/7.3.0/avr5\libgcc.a(_epilogue.o)
 .text.libgcc.mul
                0x0000000000000000        0x0 c:/tools/avr/avr8-gnu-toolchain/bin/../lib/gcc/avr/7.3.0/avr5\libgcc.a(_epilogue.o)
 .text.libgcc.div
                0x0000000000000000        0x0 c:/tools/avr/avr8-gnu-toolchain/bin/../lib/gcc/avr/7.3.0/avr5\libgcc.a(_epilogue.o)
 .text.libgcc   0x0000000000000000        0x0 c:/tools/avr/avr8-gnu-toolchain/bin/../lib/gcc/avr/7.3.0/avr5\libgcc.a(_epilogue.o)
 .text.libgcc.builtins
                0x0000000000000000        0x0 c:/tools/avr/avr8-gnu-toolchain/bin/../lib/gcc/avr/7.3.0/avr5\libgcc.a(_epilogue.o)
 .text.libgcc.fmul
                0x0000000000000000        0x0 c:/tools/avr/avr8-gnu-toolchain/bin/../lib/gcc/avr/7.3.0/avr5\libgcc.a(_epilogue.o)
 .text.libgcc.fixed
                0x0000000000000000        0x0 c:/tools/avr/avr8-gnu-toolchain/bin/../lib/gcc/avr/7.3.0/avr5\libgcc.a(_epilogue.o)

Memory Configuration

Name             Origin             Length             Attributes
text             0x0000000000000000 0x0000000000008000 xr
data             0x0000000000800100 0x0000000000000800 rw !x
eeprom           0x0000000000810000 0x0000000000000400 rw !x
fuse             0x0000000000820000 0x0000000000000003 rw !x
lock             0x0000000000830000 0x0000000000000400 rw !x
signature        0x0000000000840000 0x0000000000000400 rw !x
user_signatures  0x0000000000850000 0x0000000000000400 rw !x
*default*        0x0000000000000000 0xffffffffffffffff

Linker script and memory map

Address of section .data set to 0x800100
LOAD c:/tools/avr/avr8-gnu-toolchain/bin/../lib/gcc/avr/7.3.0/../../../../avr/lib/avr5/crtatmega328p.o
LOAD obj/adc.o
LOAD obj/gpio.o
LOAD obj/main.o
LOAD obj/tmr1.o
LOAD obj/twi_hal.o
LOAD obj/uart.o
START GROUP
LOAD c:/tools/avr/avr8-gnu-toolchain/bin/../lib/gcc/avr/7.3.0/avr5\libgcc.a
LOAD c:/tools/avr/avr8-gnu-toolchain/bin/../lib/gcc/avr/7.3.0/../../../../avr/lib/avr5\libm.a
LOAD c:/tools/avr/avr8-gnu-toolchain/bin/../lib/gcc/avr/7.3.0/../../../../avr/lib/avr5\libc.a
LOAD c:/tools/avr/avr8-gnu-toolchain/bin/../lib/gcc/avr/7.3.0/../../../../avr/lib/avr5\libatmega328p.a
END GROUP
                0x0000000000000000                __TEXT_REGION_ORIGIN__ = DEFINED (__TEXT_REGION_ORIGIN__)?__TEXT_REGION_ORIGIN__:0x0
                [0x0000000000800100]                __DATA_REGION_ORIGIN__ = DEFINED (__DATA_REGION_ORIGIN__)?__DATA_REGION_ORIGIN__:0x800060
                [0x0000000000008000]                __TEXT_REGION_LENGTH__ = DEFINED (__TEXT_REGION_LENGTH__)?__TEXT_REGION_LENGTH__:0x20000
                [0x0000000000000800]                __DATA_REGION_LENGTH__ = DEFINED (__DATA_REGION_LENGTH__)?__DATA_REGION_LENGTH__:0xffa0
                [0x0000000000000400]                __EEPROM_REGION_LENGTH__ = DEFINED (__EEPROM_REGION_LENGTH__)?__EEPROM_REGION_LENGTH__:0x10000
                [0x0000000000000003]                __FUSE_REGION_LENGTH__ = DEFINED (__FUSE_REGION_LENGTH__)?__FUSE_REGION_LENGTH__:0x400
                0x0000000000000400                __LOCK_REGION_LENGTH__ = DEFINED (__LOCK_REGION_LENGTH__)?__LOCK_REGION_LENGTH__:0x400
                0x0000000000000400                __SIGNATURE_REGION_LENGTH__ = DEFINED (__SIGNATURE_REGION_LENGTH__)?__SIGNATURE_REGION_LENGTH__:0x400
                0x0000000000000400                __USER_SIGNATURE_REGION_LENGTH__ = DEFINED (__USER_SIGNATURE_REGION_LENGTH__)?__USER_SIGNATURE_REGION_LENGTH__:0x400

.hash
 *(.hash)

.dynsym
 *(.dynsym)

.dynstr
 *(.dynstr)

.gnu.version
 *(.gnu.version)

.gnu.version_d
 *(.gnu.version_d)

.gnu.version_r
 *(.gnu.version_r)

.rel.init
 *(.rel.init)

.rela.init
 *(.rela.init)

.rel.text
 *(.rel.text)
 *(.rel.text.*)
 *(.rel.gnu.linkonce.t*)

.rela.text
 *(.rela.text)
 *(.rela.text.*)
 *(.rela.gnu.linkonce.t*)

.rel.fini
 *(.rel.fini)

.rela.fini
 *(.rela.fini)

.rel.rodata
 *(.rel.rodata)
 *(.rel.rodata.*)
 *(.rel.gnu.linkonce.r*)

.rela.rodata
 *(.rela.rodata)
 *(.rela.rodata.*)
 *(.rela.gnu.linkonce.r*)

.rel.data
 *(.rel.data)
 *(.rel.data.*)
 *(.rel.gnu.linkonce.d*)

.rela.data
 *(.rela.data)
 *(.rela.data.*)
 *(.rela.gnu.linkonce.d*)

.rel.ctors
 *(.rel.ctors)

.rela.ctors
 *(.rela.ctors)

.rel.dtors
 *(.rel.dtors)

.rela.dtors
 *(.rela.dtors)

.rel.got
 *(.rel.got)

.rela.got
 *(.rela.got)

.rel.bss
 *(.rel.bss)

.rela.bss
 *(.rela.bss)

.rel.plt
 *(.rel.plt)

.rela.plt
 *(.rela.plt)

.text           0x0000000000000000     0x1404
 *(.vectors)
 .vectors       0x0000000000000000       0x68 c:/tools/avr/avr8-gnu-toolchain/bin/../lib/gcc/avr/7.3.0/../../../../avr/lib/avr5/crtatmega328p.o
                0x0000000000000000                __vector_default
                0x0000000000000000                __vectors
 *(.vectors)
 *(.progmem.gcc*)
                0x0000000000000068                . = ALIGN (0x2)
                0x0000000000000068                __trampolines_start = .
 *(.trampolines)
 .trampolines   0x0000000000000068        0x0 linker stubs
 *(.trampolines*)
                0x0000000000000068                __trampolines_end = .
 *libprintf_flt.a:*(.progmem.data)
 *libc.a:*(.progmem.data)
 *(.progmem*)
                0x0000000000000068                . = ALIGN (0x2)
 *(.jumptables)
 *(.jumptables*)
 *(.lowtext)
 *(.lowtext*)
                0x0000000000000068                __ctors_start = .
 *(.ctors)
                0x0000000000000068                __ctors_end = .
                0x0000000000000068                __dtors_start = .
 *(.dtors)
                0x0000000000000068                __dtors_end = .
 SORT(*)(.ctors)
 SORT(*)(.dtors)
 *(.init0)
 .init0         0x0000000000000068        0x0 c:/tools/avr/avr8-gnu-toolchain/bin/../lib/gcc/avr/7.3.0/../../../../avr/lib/avr5/crtatmega328p.o
                0x0000000000000068                __init
 *(.init0)
 *(.init1)
 *(.init1)
 *(.init2)
 .init2         0x0000000000000068        0xc c:/tools/avr/avr8-gnu-toolchain/bin/../lib/gcc/avr/7.3.0/../../../../avr/lib/avr5/crtatmega328p.o
 *(.init2)
 *(.init3)
 *(.init3)
 *(.init4)
 .init4         0x0000000000000074       0x16 c:/tools/avr/avr8-gnu-toolchain/bin/../lib/gcc/avr/7.3.0/avr5\libgcc.a(_copy_data.o)
                0x0000000000000074                __do_copy_data
 .init4         0x000000000000008a       0x10 c:/tools/avr/avr8-gnu-toolchain/bin/../lib/gcc/avr/7.3.0/avr5\libgcc.a(_clear_bss.o)
                0x000000000000008a                __do_clear_bss
 *(.init4)
 *(.init5)
 *(.init5)
 *(.init6)
 *(.init6)
 *(.init7)
 *(.init7)
 *(.init8)
 *(.init8)
 *(.init9)
 .init9         0x000000000000009a        0x8 c:/tools/avr/avr8-gnu-toolchain/bin/../lib/gcc/avr/7.3.0/../../../../avr/lib/avr5/crtatmega328p.o
 *(.init9)
 *(.text)
 .text          0x00000000000000a2        0x4 c:/tools/avr/avr8-gnu-toolchain/bin/../lib/gcc/avr/7.3.0/../../../../avr/lib/avr5/crtatmega328p.o
                0x00000000000000a2                __vector_22
                0x00000000000000a2                __vector_1
                0x00000000000000a2                __vector_12
                0x00000000000000a2                __bad_interrupt
                0x00000000000000a2                __vector_6
                0x00000000000000a2                __vector_3
                0x00000000000000a2                __vector_23
                0x00000000000000a2                __vector_25
                0x00000000000000a2                __vector_11
                0x00000000000000a2                __vector_13
                0x00000000000000a2                __vector_17
                0x00000000000000a2                __vector_19
                0x00000000000000a2                __vector_7
                0x00000000000000a2                __vector_5
                0x00000000000000a2                __vector_4
                0x00000000000000a2                __vector_9
                0x00000000000000a2                __vector_2
                0x00000000000000a2                __vector_21
                0x00000000000000a2                __vector_15
                0x00000000000000a2                __vector_8
                0x00000000000000a2                __vector_14
                0x00000000000000a2                __vector_10
                0x00000000000000a2                __vector_16
                0x00000000000000a2                __vector_18
                0x00000000000000a2                __vector_20
                0x00000000000000a6                . = ALIGN (0x2)
 *(.text.*)
 .text.gpio_port_init
                0x00000000000000a6       0x98 obj/gpio.o
                0x00000000000000a6                gpio_port_init
 .text.gpio_pin_init
                0x000000000000013e      0x104 obj/gpio.o
                0x000000000000013e                gpio_pin_init
 .text.gpio_port_write
                0x0000000000000242       0x46 obj/gpio.o
                0x0000000000000242                gpio_port_write
 .text.gpio_pin_write
                0x0000000000000288       0xf0 obj/gpio.o
                0x0000000000000288                gpio_pin_write
 .text.gpio_pin_read
                0x0000000000000378       0x86 obj/gpio.o
                0x0000000000000378                gpio_pin_read
 .text.startup.main
                0x00000000000003fe      0x5ea obj/main.o
                0x00000000000003fe                main
 .text.twi_data_write_ack
                0x00000000000009e8       0x1e obj/twi_hal.o
 .text.__vector_24
                0x0000000000000a06       0x22 obj/twi_hal.o
                0x0000000000000a06                __vector_24
 .text.twi_read
                0x0000000000000a28      0x11a obj/twi_hal.o
                0x0000000000000a28                twi_read
 .text.twi_write
                0x0000000000000b42       0xa8 obj/twi_hal.o
                0x0000000000000b42                twi_write
 .text.twi_init
                0x0000000000000bea       0x52 obj/twi_hal.o
                0x0000000000000bea                twi_init
 .text.uart_init
                0x0000000000000c3c       0x5a obj/uart.o
                0x0000000000000c3c                uart_init
 .text.uart_check_flag
                0x0000000000000c96       0x68 obj/uart.o
                0x0000000000000c96                uart_check_flag
 .text.decToASCII
                0x0000000000000cfe       0x24 obj/uart.o
                0x0000000000000cfe                decToASCII
 .text.uart_transmit_byte
                0x0000000000000d22        0xe obj/uart.o
                0x0000000000000d22                uart_transmit_byte
 .text.uart_transmit_string
                0x0000000000000d30       0x18 obj/uart.o
                0x0000000000000d30                uart_transmit_string
 .text.uart_transmit_nl
                0x0000000000000d48       0x42 obj/uart.o
                0x0000000000000d48                uart_transmit_nl
 .text.libgcc.div
                0x0000000000000d8a       0x18 c:/tools/avr/avr8-gnu-toolchain/bin/../lib/gcc/avr/7.3.0/avr5\libgcc.a(_udivmodqi4.o)
                0x0000000000000d8a                __udivmodqi4
 .text.libgcc.div
                0x0000000000000da2       0x44 c:/tools/avr/avr8-gnu-toolchain/bin/../lib/gcc/avr/7.3.0/avr5\libgcc.a(_udivmodsi4.o)
                0x0000000000000da2                __udivmodsi4
 .text.avr-libc
                0x0000000000000de6       0x16 c:/tools/avr/avr8-gnu-toolchain/bin/../lib/gcc/avr/7.3.0/../../../../avr/lib/avr5\libc.a(itoa_ncheck.o)
                0x0000000000000de6                __itoa_ncheck
 .text.avr-libc
                0x0000000000000dfc       0x34 c:/tools/avr/avr8-gnu-toolchain/bin/../lib/gcc/avr/7.3.0/../../../../avr/lib/avr5\libc.a(utoa_ncheck.o)
                0x0000000000000dfc                __utoa_ncheck
                0x0000000000000dfe                __utoa_common
 .text.avr-libc
                0x0000000000000e30       0x46 c:/tools/avr/avr8-gnu-toolchain/bin/../lib/gcc/avr/7.3.0/../../../../avr/lib/avr5\libc.a(sprintf.o)
                0x0000000000000e30                sprintf
 .text.avr-libc
                0x0000000000000e76      0x3b4 c:/tools/avr/avr8-gnu-toolchain/bin/../lib/gcc/avr/7.3.0/../../../../avr/lib/avr5\libc.a(vfprintf_std.o)
                0x0000000000000e76                vfprintf
 .text.avr-libc
                0x000000000000122a       0x16 c:/tools/avr/avr8-gnu-toolchain/bin/../lib/gcc/avr/7.3.0/../../../../avr/lib/avr5\libc.a(strnlen_P.o)
                0x000000000000122a                strnlen_P
 .text.avr-libc
                0x0000000000001240       0x16 c:/tools/avr/avr8-gnu-toolchain/bin/../lib/gcc/avr/7.3.0/../../../../avr/lib/avr5\libc.a(strnlen.o)
                0x0000000000001240                strnlen
 .text.avr-libc
                0x0000000000001256       0x20 c:/tools/avr/avr8-gnu-toolchain/bin/../lib/gcc/avr/7.3.0/../../../../avr/lib/avr5\libc.a(strrev.o)
                0x0000000000001256                strrev
 .text.avr-libc
                0x0000000000001276       0x60 c:/tools/avr/avr8-gnu-toolchain/bin/../lib/gcc/avr/7.3.0/../../../../avr/lib/avr5\libc.a(fputc.o)
                0x0000000000001276                fputc
 .text.avr-libc
                0x00000000000012d6       0xbc c:/tools/avr/avr8-gnu-toolchain/bin/../lib/gcc/avr/7.3.0/../../../../avr/lib/avr5\libc.a(ultoa_invert.o)
                0x00000000000012d6                __ultoa_invert
 .text.libgcc.prologue
                0x0000000000001392       0x38 c:/tools/avr/avr8-gnu-toolchain/bin/../lib/gcc/avr/7.3.0/avr5\libgcc.a(_prologue.o)
                0x0000000000001392                __prologue_saves__
 .text.libgcc.prologue
                0x00000000000013ca       0x36 c:/tools/avr/avr8-gnu-toolchain/bin/../lib/gcc/avr/7.3.0/avr5\libgcc.a(_epilogue.o)
                0x00000000000013ca                __epilogue_restores__
                0x0000000000001400                . = ALIGN (0x2)
 *(.fini9)
 .fini9         0x0000000000001400        0x0 c:/tools/avr/avr8-gnu-toolchain/bin/../lib/gcc/avr/7.3.0/avr5\libgcc.a(_exit.o)
                0x0000000000001400                _exit
                0x0000000000001400                exit
 *(.fini9)
 *(.fini8)
 *(.fini8)
 *(.fini7)
 *(.fini7)
 *(.fini6)
 *(.fini6)
 *(.fini5)
 *(.fini5)
 *(.fini4)
 *(.fini4)
 *(.fini3)
 *(.fini3)
 *(.fini2)
 *(.fini2)
 *(.fini1)
 *(.fini1)
 *(.fini0)
 .fini0         0x0000000000001400        0x4 c:/tools/avr/avr8-gnu-toolchain/bin/../lib/gcc/avr/7.3.0/avr5\libgcc.a(_exit.o)
 *(.fini0)
                0x0000000000001404                _etext = .

.data           0x0000000000800100      0x28c load address 0x0000000000001404
                0x0000000000800100                PROVIDE (__data_start, .)
 *(.data)
 *(.data*)
 .data.maxBitPos
                0x0000000000800100        0x1 obj/main.o
                0x0000000000800100                maxBitPos
 .data.numBits  0x0000000000800101        0x1 obj/main.o
                0x0000000000800101                numBits
 .data.status   0x0000000000800102        0x1 obj/twi_hal.o
                0x0000000000800102                status
 *(.gnu.linkonce.d*)
 *(.rodata)
 .rodata        0x0000000000800103        0x7 obj/main.o
 *(.rodata*)
 .rodata.main.str1.1
                0x000000000080010a      0x281 obj/main.o
                                        0x296 (size before relaxing)
 *(.gnu.linkonce.r*)
                0x000000000080038c                . = ALIGN (0x2)
 *fill*         0x000000000080038b        0x1 
                0x000000000080038c                _edata = .
                0x000000000080038c                PROVIDE (__data_end, .)

.bss            0x000000000080038c       0x23
                0x000000000080038c                PROVIDE (__bss_start, .)
 *(.bss)
 *(.bss*)
 .bss.flagCount
                0x000000000080038c        0x1 obj/main.o
                0x000000000080038c                flagCount
 .bss.return_val.1539
                0x000000000080038d        0x1 obj/uart.o
 *(COMMON)
 COMMON         0x000000000080038e       0x21 obj/main.o
                0x000000000080038e                adc_val
                0x0000000000800390                buff
                0x0000000000800392                print_buffer
                0x00000000008003aa                i
                0x00000000008003ab                c0_val
                0x00000000008003ad                count
                0x00000000008003ae                error
                0x00000000008003af                PROVIDE (__bss_end, .)
                0x0000000000001404                __data_load_start = LOADADDR (.data)
                0x0000000000001690                __data_load_end = (__data_load_start + SIZEOF (.data))

.noinit         0x00000000008003af        0x0
                [!provide]                        PROVIDE (__noinit_start, .)
 *(.noinit*)
                [!provide]                        PROVIDE (__noinit_end, .)
                0x00000000008003af                _end = .
                [!provide]                        PROVIDE (__heap_start, .)

.eeprom         0x0000000000810000        0x0
 *(.eeprom*)
                0x0000000000810000                __eeprom_end = .

.fuse
 *(.fuse)
 *(.lfuse)
 *(.hfuse)
 *(.efuse)

.lock
 *(.lock*)

.signature
 *(.signature*)

.user_signatures
 *(.user_signatures*)

.stab
 *(.stab)

.stabstr
 *(.stabstr)

.stab.excl
 *(.stab.excl)

.stab.exclstr
 *(.stab.exclstr)

.stab.index
 *(.stab.index)

.stab.indexstr
 *(.stab.indexstr)

.comment        0x0000000000000000       0x5c
 *(.comment)
 .comment       0x0000000000000000       0x30 obj/gpio.o
                                         0x31 (size before relaxing)
 .comment       0x0000000000000030       0x31 obj/main.o
 .comment       0x0000000000000030       0x31 obj/twi_hal.o
 .comment       0x0000000000000030       0x31 obj/uart.o
 .comment       0x0000000000000030       0x31 c:/tools/avr/avr8-gnu-toolchain/bin/../lib/gcc/avr/7.3.0/../../../../avr/lib/avr5\libc.a(sprintf.o)
 .comment       0x0000000000000030       0x2c c:/tools/avr/avr8-gnu-toolchain/bin/../lib/gcc/avr/7.3.0/../../../../avr/lib/avr5\libc.a(vfprintf_std.o)
                                         0x2d (size before relaxing)
 .comment       0x000000000000005c       0x31 c:/tools/avr/avr8-gnu-toolchain/bin/../lib/gcc/avr/7.3.0/../../../../avr/lib/avr5\libc.a(fputc.o)

.note.gnu.avr.deviceinfo
                0x0000000000000000       0x40
 .note.gnu.avr.deviceinfo
                0x0000000000000000       0x40 c:/tools/avr/avr8-gnu-toolchain/bin/../lib/gcc/avr/7.3.0/../../../../avr/lib/avr5/crtatmega328p.o

.note.gnu.build-id
 *(.note.gnu.build-id)

.debug
 *(.debug)

.line
 *(.line)

.debug_srcinfo
 *(.debug_srcinfo)

.debug_sfnames
 *(.debug_sfnames)

.debug_aranges  0x0000000000000000      0x100
 *(.debug_aranges)
 .debug_aranges
                0x0000000000000000       0x48 obj/gpio.o
 .debug_aranges
                0x0000000000000048       0x20 obj/main.o
 .debug_aranges
                0x0000000000000068       0x40 obj/twi_hal.o
 .debug_aranges
                0x00000000000000a8       0x58 obj/uart.o

.debug_pubnames
 *(.debug_pubnames)

.debug_info     0x0000000000000000     0x22a4
 *(.debug_info .gnu.linkonce.wi.*)
 .debug_info    0x0000000000000000      0x5f4 c:/tools/avr/avr8-gnu-toolchain/bin/../lib/gcc/avr/7.3.0/../../../../avr/lib/avr5/crtatmega328p.o
 .debug_info    0x00000000000005f4      0x312 obj/gpio.o
 .debug_info    0x0000000000000906     0x1133 obj/main.o
 .debug_info    0x0000000000001a39      0x5b4 obj/twi_hal.o
 .debug_info    0x0000000000001fed      0x2b7 obj/uart.o

.debug_abbrev   0x0000000000000000      0xcbc
 *(.debug_abbrev)
 .debug_abbrev  0x0000000000000000      0x5a2 c:/tools/avr/avr8-gnu-toolchain/bin/../lib/gcc/avr/7.3.0/../../../../avr/lib/avr5/crtatmega328p.o
 .debug_abbrev  0x00000000000005a2       0xdd obj/gpio.o
 .debug_abbrev  0x000000000000067f      0x2bb obj/main.o
 .debug_abbrev  0x000000000000093a      0x20a obj/twi_hal.o
 .debug_abbrev  0x0000000000000b44      0x178 obj/uart.o

.debug_line     0x0000000000000000      0xf8b
 *(.debug_line .debug_line.* .debug_line_end)
 .debug_line    0x0000000000000000       0x1a c:/tools/avr/avr8-gnu-toolchain/bin/../lib/gcc/avr/7.3.0/../../../../avr/lib/avr5/crtatmega328p.o
 .debug_line    0x000000000000001a      0x4d4 obj/gpio.o
 .debug_line    0x00000000000004ee      0x577 obj/main.o
 .debug_line    0x0000000000000a65      0x2e9 obj/twi_hal.o
 .debug_line    0x0000000000000d4e      0x23d obj/uart.o

.debug_frame    0x0000000000000000      0x228
 *(.debug_frame)
 .debug_frame   0x0000000000000000       0x74 obj/gpio.o
 .debug_frame   0x0000000000000074       0x34 obj/main.o
 .debug_frame   0x00000000000000a8       0xc4 obj/twi_hal.o
 .debug_frame   0x000000000000016c       0xbc obj/uart.o

.debug_str      0x0000000000000000      0x7f2
 *(.debug_str)
 .debug_str     0x0000000000000000      0x208 c:/tools/avr/avr8-gnu-toolchain/bin/../lib/gcc/avr/7.3.0/../../../../avr/lib/avr5/crtatmega328p.o
 .debug_str     0x0000000000000208      0x292 obj/gpio.o
                                        0x2cb (size before relaxing)
 .debug_str     0x000000000000049a      0x244 obj/main.o
                                        0x4c5 (size before relaxing)
 .debug_str     0x00000000000006de       0xb1 obj/twi_hal.o
                                        0x29e (size before relaxing)
 .debug_str     0x000000000000078f       0x63 obj/uart.o
                                        0x23f (size before relaxing)

.debug_loc      0x0000000000000000     0x1582
 *(.debug_loc)
 .debug_loc     0x0000000000000000      0x44c obj/gpio.o
 .debug_loc     0x000000000000044c      0x568 obj/main.o
 .debug_loc     0x00000000000009b4      0x87e obj/twi_hal.o
 .debug_loc     0x0000000000001232      0x350 obj/uart.o

.debug_macinfo
 *(.debug_macinfo)

.debug_weaknames
 *(.debug_weaknames)

.debug_funcnames
 *(.debug_funcnames)

.debug_typenames
 *(.debug_typenames)

.debug_varnames
 *(.debug_varnames)

.debug_pubtypes
 *(.debug_pubtypes)

.debug_ranges   0x0000000000000000      0x1b8
 *(.debug_ranges)
 .debug_ranges  0x0000000000000000       0x38 obj/gpio.o
 .debug_ranges  0x0000000000000038       0x10 obj/main.o
 .debug_ranges  0x0000000000000048      0x110 obj/twi_hal.o
 .debug_ranges  0x0000000000000158       0x60 obj/uart.o

.debug_macro
 *(.debug_macro)
OUTPUT(build/avr_toolchain_playground.elf elf32-avr)
LOAD linker stubs
